../application/source/functions/sms.c:164:17:smsStorageChecksum	12	static
../application/source/functions/sms.c:349:13:smsIsPrintableCharacter	0	static
../application/source/functions/sms.c:407:13:smsDecodeUtf16Payload	40	static
../application/source/functions/sms.c:470:13:smsDecodeAsciiPayload	32	static
../application/source/functions/sms.c:645:17:smsCrc32Compute	12	static
../application/source/functions/sms.c:685:17:smsUdpChecksum	16	static
../application/source/functions/sms.c:518:13:smsResetRxAssembly	0	static
../application/source/functions/sms.c:284:13:smsStorageLoad	2624	static
../application/source/functions/sms.c:664:17:smsIpHeaderChecksum.constprop	12	static
../application/source/functions/sms.c:905:17:smsCrc16Ccitt.constprop	12	static
../application/source/functions/sms.c:134:6:smsInit	8	static
../application/source/functions/sms.c:999:17:smsPackMessage	352	static
../application/source/functions/sms.c:1057:17:smsQueueMessage	8	static
../application/source/functions/sms.c:1064:6:smsHasQueuedMessage	0	static
../application/source/functions/sms.c:1069:29:smsGetQueuedMessage	0	static
../application/source/functions/sms.c:1074:6:smsClearQueuedMessage	0	static
../application/source/functions/sms.c:1080:6:smsRegisterOutgoingMessage	16	static
../application/source/functions/sms.c:1097:6:smsNotifyOutgoingAckReceived	0	static
../application/source/functions/sms.c:1108:6:smsNotifyOutgoingRejected	0	static
../application/source/functions/sms.c:1145:14:smsConsumeTxEvent	0	static
../application/source/functions/sms.c:1152:6:smsTick	56	static
../application/source/functions/sms.c:1199:6:smsHandleReceivedDataFrame	304	static
../application/source/functions/sms.c:1332:9:smsGetInboxCount	0	static
../application/source/functions/sms.c:1337:6:smsGetInboxMessage	8	static
../application/source/functions/sms.c:1351:6:smsDeleteInboxMessage	40	static
../application/source/functions/sms.c:1381:6:smsClearInbox	8	static
../application/source/functions/sms.c:1390:9:smsGetSentCount	0	static
../application/source/functions/sms.c:1395:6:smsGetSentMessage	8	static
../application/source/functions/sms.c:209:13:smsStorageBuildSnapshot.part.0	2040	static
../application/source/functions/sms.c:276:13:smsStoragePersist	2008	static
../application/source/functions/sms.c:1409:6:smsStoreSentMessage	16	static
../application/source/functions/sms.c:1420:6:smsDeleteSentMessage	40	static
../application/source/functions/sms.c:1450:6:smsClearSent	8	static
../application/source/functions/sms.c:1458:9:smsGetQuickTextCount	0	static
../application/source/functions/sms.c:1463:6:smsGetQuickTextMessage	2032	static
../application/source/functions/sms.c:1488:6:smsStoreQuickTextMessage	2024	static
../application/source/functions/sms.c:1513:6:smsUpdateQuickTextMessage	2024	static
../application/source/functions/sms.c:1536:6:smsDeleteQuickTextMessage	2032	static
../application/source/functions/sms.c:1563:17:smsQueueSentMessage	80	static
../application/source/functions/sms.c:1575:6:smsHasRxNotification	0	static
../application/source/functions/sms.c:1580:6:smsConsumeRxNotification	0	static
../application/source/functions/sms.c:1587:6:smsInboxStorageTick	16	static
