../application/source/user_interface/menuSMS.c:576:13:smsMenuRender	48	static
../application/source/user_interface/menuSMS.c:1252:13:smsComposeInsertChar	32	static
../application/source/user_interface/menuSMS.c:1192:13:smsComposeRenderDestinationSelect	40	static
../application/source/user_interface/menuSMS.c:804:13:smsRxRespondRender	40	static
../application/source/user_interface/menuSMS.c:1228:13:smsComposeRenderManualIdEntry	32	static
../application/source/user_interface/menuSMS.c:776:13:smsRxPopupRender	72	static
../application/source/user_interface/menuSMS.c:2379:13:smsOptionsRender	64	static
../application/source/user_interface/menuSMS.c:1035:13:smsDrawTextCursor	32	static
../application/source/user_interface/menuSMS.c:1055:13:smsComposeRender	96	static
../application/source/user_interface/menuSMS.c:653:13:smsQuickTextEditRender	72	static
../application/source/user_interface/menuSMS.c:601:13:smsQuickTextRender	192	static
../application/source/user_interface/menuSMS.c:334:13:smsBuildMessagePreview.part.0.constprop	12	static
../application/source/user_interface/menuSMS.c:980:13:smsSentRender	192	static
../application/source/user_interface/menuSMS.c:924:13:smsInboxRender	192	static
../application/source/user_interface/menuSMS.c:423:13:smsGetSourceDisplayText.part.0.constprop	48	static
../application/source/user_interface/menuSMS.c:221:12:smsBuildViewLineLayout.constprop	32	static
../application/source/user_interface/menuSMS.c:156:17:smsBuildViewText.part.0.constprop	16	static
../application/source/user_interface/menuSMS.c:1133:13:smsComposeRenderContactSelect	112	static
../application/source/user_interface/menuSMS.c:840:13:smsViewRender	528	static
../application/source/user_interface/menuSMS.c:1277:13:smsSendBuffer	32	static
../application/source/user_interface/menuSMS.c:1313:14:menuSMSMenu	8	static
../application/source/user_interface/menuSMS.c:1369:14:menuSMSCompose	64	static
../application/source/user_interface/menuSMS.c:1701:14:menuSMSInbox	48	static
../application/source/user_interface/menuSMS.c:1782:14:menuSMSSent	144	static
../application/source/user_interface/menuSMS.c:1863:14:menuSMSQuickText	152	static
../application/source/user_interface/menuSMS.c:1966:14:menuSMSQuickTextEdit	40	static
../application/source/user_interface/menuSMS.c:2112:14:menuSMSRxPopup	16	static
../application/source/user_interface/menuSMS.c:2262:14:menuSMSView	600	static
../application/source/user_interface/menuSMS.c:2417:14:menuSMSOptions	8	static
