../application/source/hardware/HR-C6000.c:2093:13:hrc6000InitDigitalState	0	static
../application/source/hardware/HR-C6000.c:2296:13:hrc6000SendPcOrTgLCHeader	24	static
../application/source/hardware/HR-C6000.c:364:13:hrc6000WriteSPIRegister0x04Multi	16	static
../application/source/hardware/HR-C6000.c:592:13:hrc6000CheckColourCodeFilter	8	static
../application/source/hardware/HR-C6000.c:1484:13:hrc6000TransitionToTx	8	static
../application/source/hardware/HR-C6000.c:472:20:hrc6000CrcIsValid	8	static
../application/source/hardware/HR-C6000.c:482:12:hrc6000GetTSTimeoutValue	0	static
../application/source/hardware/HR-C6000.c:500:20:hrc6000CheckTimeSlotFilter	16	static
../application/source/hardware/HR-C6000.c:2157:13:hrc6000SendSMSFrame	8	static
../application/source/hardware/HR-C6000.c:2054:20:hrc6000RxInterruptHandler	0	static
../application/source/hardware/HR-C6000.c:1503:6:hrc6000TxBurstCallback	16	static
../application/source/hardware/HR-C6000.c:338:9:getCurrentTATxFlag	16	static
../application/source/hardware/HR-C6000.c:467:6:HRC6000SetMicGainDMR	0	static
../application/source/hardware/HR-C6000.c:531:6:HRC6000CheckTalkGroupFilter	8	static
../application/source/hardware/HR-C6000.c:2067:6:hrc6000TxInterruptHandler	8	static
../application/source/hardware/HR-C6000.c:2080:6:hrc6000SetInIRQHandler	0	static
../application/source/hardware/HR-C6000.c:2175:6:HRC6000InitInterrupts	8	static
../application/source/hardware/HR-C6000.c:2204:6:HRC6000ResetTimeSlotDetection	16	static
../application/source/hardware/HR-C6000.c:2271:6:HRC6000TerminateDigital	8	static
../application/source/hardware/HR-C6000.c:2778:6:HRC6000InitTask	16	static
../application/source/hardware/HR-C6000.c:2794:6:HRC6000ClearIsWakingState	0	static
../application/source/hardware/HR-C6000.c:2799:5:HRC6000GetIsWakingState	0	static
../application/source/hardware/HR-C6000.c:2804:6:HRC6000ClearActiveDMRID	0	static
../application/source/hardware/HR-C6000.c:1300:6:hrc6000SysInterruptHandler	64	static
../application/source/hardware/HR-C6000.c:2812:6:HRC6000ResyncTimeSlot	8	static
../application/source/hardware/HR-C6000.c:2848:10:HRC6000GetReceivedTgOrPcId	0	static
../application/source/hardware/HR-C6000.c:2853:10:HRC6000GetReceivedSrcId	0	static
../application/source/hardware/HR-C6000.c:2858:6:HRC6000ClearTimecodeSynchronisation	0	static
../application/source/hardware/HR-C6000.c:2863:6:HRC6000ClearColorCodeSynchronisation	0	static
../application/source/hardware/HR-C6000.c:2874:6:HRC6000SetTalkerAlias	0	static
../application/source/hardware/HR-C6000.c:2879:6:HRC6000SetTalkerAliasLocation	16	static
../application/source/hardware/HR-C6000.c:2897:6:HRC6000StartQueuedSMS	32	static
../application/source/hardware/HR-C6000.c:2951:6:HRC6000IsSendingSMS	0	static
../application/source/hardware/HR-C6000.c:2956:6:HRC6000IRQHandlerIsRunning	0	static
../application/source/hardware/HR-C6000.c:2961:6:HRC6000HasGotSync	0	static
../application/source/hardware/HR-C6000.c:2966:6:HRC6000SetMicGainFM	0	static
../application/source/hardware/HR-C6000.c:2971:6:HRC6000SetFMTx	16	static
../application/source/hardware/HR-C6000.c:3043:6:HRC6000SetFMRx	8	static
../application/source/hardware/HR-C6000.c:3055:6:HRC6000SetDMR	8	static
../application/source/hardware/HR-C6000.c:2182:6:HRC6000InitDigitalDmrRx	8	static
../application/source/hardware/HR-C6000.c:1512:6:hrc6000TimeslotInterruptHandler	48	static
../application/source/hardware/HR-C6000.c:2237:6:HRC6000InitDigital	8	static
../application/source/hardware/HR-C6000.c:2754:13:hrc6000TaskFunction	8	static
../application/source/hardware/HR-C6000.c:3074:6:HRC6000SetTxCTCSS	8	static
../application/source/hardware/HR-C6000.c:3089:6:HRC6000SetTxDCS	16	static
../application/source/hardware/HR-C6000.c:3113:6:HRC6000SetRxDCS	16	static
../application/source/hardware/HR-C6000.c:3136:6:HRC6000SetRxCTCSS	8	static
../application/source/hardware/HR-C6000.c:3145:6:HRC6000CheckCSS	16	static
../application/source/hardware/HR-C6000.c:3154:6:HRC6000SetLineOut	0	static
../application/source/hardware/HR-C6000.c:3159:6:HRC6000SetMic	0	static
../application/source/hardware/HR-C6000.c:3164:6:HRC6000SetFmAudio	8	static
../application/source/hardware/HR-C6000.c:3178:6:HRC6000MuteFmAudio	0	static
../application/source/hardware/HR-C6000.c:3191:6:HRC6000GetTone1Config	0	static
../application/source/hardware/HR-C6000.c:3196:6:HRC6000SetTone1Config	0	static
../application/source/hardware/HR-C6000.c:3202:6:HRC6000SetDTMF	8	static
../application/source/hardware/HR-C6000.c:3243:6:HRC6000DTMFoff	8	static
../application/source/hardware/HR-C6000.c:3256:6:HRC6000SendTone	16	static
../application/source/hardware/HR-C6000.c:3271:6:HRC6000InitDTMF	8	static
../application/source/hardware/HR-C6000.c:374:6:HRC6000Init	136	static
../application/source/hardware/HR-C6000.c:3292:6:HRC6000SetDmrRxGain	8	static
../application/source/hardware/HR-C6000.c:449:6:HRC6000FlushMusic	136	static
../application/source/hardware/HR-C6000.c:3301:6:HRC6000SetDmrAGCGain	0	static
../application/source/hardware/HR-C6000.c:3307:6:HRC6000CCIsHeld	0	static
