../application/source/functions/sms.c:160:17:smsStorageChecksum	12	static
../application/source/functions/sms.c:345:13:smsIsPrintableCharacter	0	static
../application/source/functions/sms.c:403:13:smsDecodeUtf16Payload	40	static
../application/source/functions/sms.c:466:13:smsDecodeAsciiPayload	32	static
../application/source/functions/sms.c:641:17:smsCrc32Compute	12	static
../application/source/functions/sms.c:681:17:smsUdpChecksum	16	static
../application/source/functions/sms.c:514:13:smsResetRxAssembly	0	static
../application/source/functions/sms.c:280:13:smsStorageLoad	2624	static
../application/source/functions/sms.c:660:17:smsIpHeaderChecksum.constprop	12	static
../application/source/functions/sms.c:901:17:smsCrc16Ccitt.constprop	12	static
../application/source/functions/sms.c:130:6:smsInit	8	static
../application/source/functions/sms.c:995:17:smsPackMessage	352	static
../application/source/functions/sms.c:1053:17:smsQueueMessage	8	static
../application/source/functions/sms.c:1060:6:smsHasQueuedMessage	0	static
../application/source/functions/sms.c:1065:29:smsGetQueuedMessage	0	static
../application/source/functions/sms.c:1070:6:smsClearQueuedMessage	0	static
../application/source/functions/sms.c:1076:6:smsRegisterOutgoingMessage	16	static
../application/source/functions/sms.c:1092:6:smsNotifyOutgoingAckReceived	0	static
../application/source/functions/sms.c:1103:6:smsNotifyOutgoingRejected	0	static
../application/source/functions/sms.c:1114:6:smsNotifyOutgoingNoRepeater	0	static
../application/source/functions/sms.c:1125:6:smsNotifyOutgoingSent	0	static
../application/source/functions/sms.c:1136:6:smsRetryLastOutgoingMessage	16	static
../application/source/functions/sms.c:1163:14:smsConsumeTxEvent	0	static
../application/source/functions/sms.c:1170:6:smsTick	56	static
../application/source/functions/sms.c:1206:6:smsHandleReceivedDataFrame	304	static
../application/source/functions/sms.c:1339:9:smsGetInboxCount	0	static
../application/source/functions/sms.c:1344:6:smsGetInboxMessage	8	static
../application/source/functions/sms.c:1358:6:smsDeleteInboxMessage	40	static
../application/source/functions/sms.c:1388:6:smsClearInbox	8	static
../application/source/functions/sms.c:1397:9:smsGetSentCount	0	static
../application/source/functions/sms.c:1402:6:smsGetSentMessage	8	static
../application/source/functions/sms.c:205:13:smsStorageBuildSnapshot.part.0	2040	static
../application/source/functions/sms.c:272:13:smsStoragePersist	2008	static
../application/source/functions/sms.c:1416:6:smsStoreSentMessage	16	static
../application/source/functions/sms.c:1427:6:smsDeleteSentMessage	40	static
../application/source/functions/sms.c:1457:6:smsClearSent	8	static
../application/source/functions/sms.c:1465:9:smsGetQuickTextCount	0	static
../application/source/functions/sms.c:1470:6:smsGetQuickTextMessage	2032	static
../application/source/functions/sms.c:1495:6:smsStoreQuickTextMessage	2024	static
../application/source/functions/sms.c:1520:6:smsUpdateQuickTextMessage	2024	static
../application/source/functions/sms.c:1543:6:smsDeleteQuickTextMessage	2032	static
../application/source/functions/sms.c:1570:17:smsQueueSentMessage	80	static
../application/source/functions/sms.c:1582:6:smsHasRxNotification	0	static
../application/source/functions/sms.c:1587:6:smsConsumeRxNotification	0	static
../application/source/functions/sms.c:1594:6:smsInboxStorageTick	16	static
