../application/source/functions/sms.c:163:17:smsStorageChecksum	12	static
../application/source/functions/sms.c:348:13:smsIsPrintableCharacter	0	static
../application/source/functions/sms.c:406:13:smsDecodeUtf16Payload	32	static
../application/source/functions/sms.c:464:13:smsDecodeAsciiPayload	32	static
../application/source/functions/sms.c:639:17:smsCrc32Compute	12	static
../application/source/functions/sms.c:679:17:smsUdpChecksum	16	static
../application/source/functions/sms.c:512:13:smsResetRxAssembly	0	static
../application/source/functions/sms.c:283:13:smsStorageLoad	2624	static
../application/source/functions/sms.c:658:17:smsIpHeaderChecksum.constprop	12	static
../application/source/functions/sms.c:899:17:smsCrc16Ccitt.constprop	12	static
../application/source/functions/sms.c:133:6:smsInit	8	static
../application/source/functions/sms.c:993:17:smsPackMessage	352	static
../application/source/functions/sms.c:1051:17:smsQueueMessage	8	static
../application/source/functions/sms.c:1058:6:smsHasQueuedMessage	0	static
../application/source/functions/sms.c:1063:29:smsGetQueuedMessage	0	static
../application/source/functions/sms.c:1068:6:smsClearQueuedMessage	0	static
../application/source/functions/sms.c:1074:6:smsRegisterOutgoingMessage	16	static
../application/source/functions/sms.c:1091:6:smsNotifyOutgoingAckReceived	0	static
../application/source/functions/sms.c:1102:6:smsNotifyOutgoingRejected	0	static
../application/source/functions/sms.c:1139:14:smsConsumeTxEvent	0	static
../application/source/functions/sms.c:1146:6:smsTick	56	static
../application/source/functions/sms.c:1193:6:smsHandleReceivedDataFrame	304	static
../application/source/functions/sms.c:1316:9:smsGetInboxCount	0	static
../application/source/functions/sms.c:1321:6:smsGetInboxMessage	8	static
../application/source/functions/sms.c:1335:6:smsDeleteInboxMessage	40	static
../application/source/functions/sms.c:1365:6:smsClearInbox	8	static
../application/source/functions/sms.c:1374:9:smsGetSentCount	0	static
../application/source/functions/sms.c:1379:6:smsGetSentMessage	8	static
../application/source/functions/sms.c:208:13:smsStorageBuildSnapshot.part.0	2040	static
../application/source/functions/sms.c:275:13:smsStoragePersist	2008	static
../application/source/functions/sms.c:1393:6:smsStoreSentMessage	16	static
../application/source/functions/sms.c:1404:6:smsDeleteSentMessage	40	static
../application/source/functions/sms.c:1434:6:smsClearSent	8	static
../application/source/functions/sms.c:1442:9:smsGetQuickTextCount	0	static
../application/source/functions/sms.c:1447:6:smsGetQuickTextMessage	2032	static
../application/source/functions/sms.c:1472:6:smsStoreQuickTextMessage	2024	static
../application/source/functions/sms.c:1497:6:smsUpdateQuickTextMessage	2024	static
../application/source/functions/sms.c:1520:6:smsDeleteQuickTextMessage	2032	static
../application/source/functions/sms.c:1547:17:smsQueueSentMessage	80	static
../application/source/functions/sms.c:1559:6:smsHasRxNotification	0	static
../application/source/functions/sms.c:1564:6:smsConsumeRxNotification	0	static
../application/source/functions/sms.c:1571:6:smsInboxStorageTick	16	static
