../application/source/functions/sms.c:160:17:smsStorageChecksum	12	static
../application/source/functions/sms.c:345:13:smsIsPrintableCharacter	0	static
../application/source/functions/sms.c:403:13:smsDecodeUtf16Payload	40	static
../application/source/functions/sms.c:466:13:smsDecodeAsciiPayload	32	static
../application/source/functions/sms.c:641:17:smsCrc32Compute	12	static
../application/source/functions/sms.c:681:17:smsUdpChecksum	16	static
../application/source/functions/sms.c:514:13:smsResetRxAssembly	0	static
../application/source/functions/sms.c:280:13:smsStorageLoad	2624	static
../application/source/functions/sms.c:660:17:smsIpHeaderChecksum.constprop	12	static
../application/source/functions/sms.c:901:17:smsCrc16Ccitt.constprop	12	static
../application/source/functions/sms.c:130:6:smsInit	8	static
../application/source/functions/sms.c:995:17:smsPackMessage	352	static
../application/source/functions/sms.c:1053:17:smsQueueMessage	8	static
../application/source/functions/sms.c:1060:6:smsHasQueuedMessage	0	static
../application/source/functions/sms.c:1065:29:smsGetQueuedMessage	0	static
../application/source/functions/sms.c:1070:6:smsClearQueuedMessage	0	static
../application/source/functions/sms.c:1076:6:smsRegisterOutgoingMessage	16	static
../application/source/functions/sms.c:1092:6:smsNotifyOutgoingAckReceived	0	static
../application/source/functions/sms.c:1103:6:smsNotifyOutgoingRejected	0	static
../application/source/functions/sms.c:1114:6:smsRetryLastOutgoingMessage	16	static
../application/source/functions/sms.c:1141:14:smsConsumeTxEvent	0	static
../application/source/functions/sms.c:1148:6:smsTick	56	static
../application/source/functions/sms.c:1184:6:smsHandleReceivedDataFrame	304	static
../application/source/functions/sms.c:1317:9:smsGetInboxCount	0	static
../application/source/functions/sms.c:1322:6:smsGetInboxMessage	8	static
../application/source/functions/sms.c:1336:6:smsDeleteInboxMessage	40	static
../application/source/functions/sms.c:1366:6:smsClearInbox	8	static
../application/source/functions/sms.c:1375:9:smsGetSentCount	0	static
../application/source/functions/sms.c:1380:6:smsGetSentMessage	8	static
../application/source/functions/sms.c:205:13:smsStorageBuildSnapshot.part.0	2040	static
../application/source/functions/sms.c:272:13:smsStoragePersist	2008	static
../application/source/functions/sms.c:1394:6:smsStoreSentMessage	16	static
../application/source/functions/sms.c:1405:6:smsDeleteSentMessage	40	static
../application/source/functions/sms.c:1435:6:smsClearSent	8	static
../application/source/functions/sms.c:1443:9:smsGetQuickTextCount	0	static
../application/source/functions/sms.c:1448:6:smsGetQuickTextMessage	2032	static
../application/source/functions/sms.c:1473:6:smsStoreQuickTextMessage	2024	static
../application/source/functions/sms.c:1498:6:smsUpdateQuickTextMessage	2024	static
../application/source/functions/sms.c:1521:6:smsDeleteQuickTextMessage	2032	static
../application/source/functions/sms.c:1548:17:smsQueueSentMessage	80	static
../application/source/functions/sms.c:1560:6:smsHasRxNotification	0	static
../application/source/functions/sms.c:1565:6:smsConsumeRxNotification	0	static
../application/source/functions/sms.c:1572:6:smsInboxStorageTick	16	static
