../application/source/user_interface/menuSMS.c:294:13:smsMenuRender	48	static
../application/source/user_interface/menuSMS.c:765:13:smsComposeInsertChar	32	static
../application/source/user_interface/menuSMS.c:494:13:smsRxPopupRender	72	static
../application/source/user_interface/menuSMS.c:1562:13:smsOptionsRender	64	static
../application/source/user_interface/menuSMS.c:677:13:smsDrawTextCursor	32	static
../application/source/user_interface/menuSMS.c:371:13:smsQuickTextEditRender	72	static
../application/source/user_interface/menuSMS.c:570:13:smsInboxRender	136	static
../application/source/user_interface/menuSMS.c:624:13:smsSentRender	136	static
../application/source/user_interface/menuSMS.c:522:13:smsViewRender	112	static
../application/source/user_interface/menuSMS.c:319:13:smsQuickTextRender	144	static
../application/source/user_interface/menuSMS.c:225:13:smsGetDestinationText.constprop	8	static
../application/source/user_interface/menuSMS.c:697:13:smsComposeRender	88	static
../application/source/user_interface/menuSMS.c:111:13:smsGetSourceDisplayText.part.0.constprop	48	static
../application/source/user_interface/menuSMS.c:834:14:menuSMSMenu	8	static
../application/source/user_interface/menuSMS.c:890:14:menuSMSCompose	56	static
../application/source/user_interface/menuSMS.c:991:14:menuSMSInbox	48	static
../application/source/user_interface/menuSMS.c:1072:14:menuSMSSent	96	static
../application/source/user_interface/menuSMS.c:1153:14:menuSMSQuickText	112	static
../application/source/user_interface/menuSMS.c:1256:14:menuSMSQuickTextEdit	40	static
../application/source/user_interface/menuSMS.c:1402:14:menuSMSRxPopup	16	static
../application/source/user_interface/menuSMS.c:1498:14:menuSMSView	96	static
../application/source/user_interface/menuSMS.c:1600:14:menuSMSOptions	8	static
