../application/source/functions/sms.c:108:17:smsStorageChecksum	12	static
../application/source/functions/sms.c:360:13:smsResetRxAssembly	0	static
../application/source/functions/sms.c:199:13:smsStorageLoad	1800	static
../application/source/functions/sms.c:365:17:smsCrc16Ccitt.constprop	12	static
../application/source/functions/sms.c:91:6:smsInit	8	static
../application/source/functions/sms.c:459:17:smsPackMessage	40	static
../application/source/functions/sms.c:515:17:smsQueueMessage	8	static
../application/source/functions/sms.c:522:6:smsHasQueuedMessage	0	static
../application/source/functions/sms.c:527:29:smsGetQueuedMessage	0	static
../application/source/functions/sms.c:532:6:smsClearQueuedMessage	0	static
../application/source/functions/sms.c:538:6:smsHandleReceivedDataFrame	96	static
../application/source/functions/sms.c:598:9:smsGetInboxCount	0	static
../application/source/functions/sms.c:603:6:smsGetInboxMessage	8	static
../application/source/functions/sms.c:617:6:smsDeleteInboxMessage	40	static
../application/source/functions/sms.c:647:6:smsClearInbox	8	static
../application/source/functions/sms.c:656:9:smsGetSentCount	0	static
../application/source/functions/sms.c:661:6:smsGetSentMessage	8	static
../application/source/functions/sms.c:191:13:smsStoragePersist	1280	static
../application/source/functions/sms.c:675:6:smsStoreSentMessage	16	static
../application/source/functions/sms.c:686:6:smsDeleteSentMessage	40	static
../application/source/functions/sms.c:716:6:smsClearSent	8	static
../application/source/functions/sms.c:724:17:smsQueueSentMessage	80	static
../application/source/functions/sms.c:736:6:smsHasRxNotification	0	static
../application/source/functions/sms.c:741:6:smsConsumeRxNotification	0	static
../application/source/functions/sms.c:748:6:smsInboxStorageTick	16	static
