../application/source/functions/settings.c:645:13:settingsVFOSanityCheck	16	static
../application/source/functions/settings.c:87:6:settingsSaveSettings	8	static
../application/source/functions/settings.c:444:6:enableVoicePromptsIfLoaded	0	static
../application/source/functions/settings.c:459:6:settingsEraseCustomContent	0	static
../application/source/functions/settings.c:466:6:settingsSetBOOL	0	static
../application/source/functions/settings.c:472:6:settingsSetINT8	0	static
../application/source/functions/settings.c:478:6:settingsSetUINT8	0	static
../application/source/functions/settings.c:484:6:settingsSetINT16	0	static
../application/source/functions/settings.c:490:6:settingsSetUINT16	0	static
../application/source/functions/settings.c:496:6:settingsSetINT32	0	static
../application/source/functions/settings.c:502:6:settingsSetUINT32	0	static
../application/source/functions/settings.c:508:6:settingsIncINT8	0	static
../application/source/functions/settings.c:514:6:settingsIncUINT8	0	static
../application/source/functions/settings.c:520:6:settingsIncINT16	0	static
../application/source/functions/settings.c:526:6:settingsIncUINT16	0	static
../application/source/functions/settings.c:532:6:settingsIncINT32	0	static
../application/source/functions/settings.c:538:6:settingsIncUINT32	0	static
../application/source/functions/settings.c:544:6:settingsDecINT8	0	static
../application/source/functions/settings.c:550:6:settingsDecUINT8	0	static
../application/source/functions/settings.c:556:6:settingsDecINT16	0	static
../application/source/functions/settings.c:562:6:settingsDecUINT16	0	static
../application/source/functions/settings.c:568:6:settingsDecINT32	0	static
../application/source/functions/settings.c:574:6:settingsDecUINT32	0	static
../application/source/functions/settings.c:581:6:settingsSetOptionBit	8	static
../application/source/functions/settings.c:272:6:settingsRestoreDefaultSettings	16	static
../application/source/functions/settings.c:596:6:settingsIsOptionBitSetFromSettings	0	static
../application/source/functions/settings.c:601:6:settingsIsOptionBitSet	0	static
../application/source/functions/settings.c:117:6:settingsLoadSettings	120	static
../application/source/functions/settings.c:606:6:settingsSetDirty	0	static
../application/source/functions/settings.c:615:6:settingsSetVFODirty	0	static
../application/source/functions/settings.c:624:6:settingsSaveIfNeeded	0	static
../application/source/functions/settings.c:639:5:settingsGetScanStepTimeMilliseconds	0	static
../application/source/functions/settings.c:660:6:settingsLocationIsValid	0	static
../application/source/functions/settings.c:665:8:settingsLocationGetLatitude	0	static
../application/source/functions/settings.c:670:8:settingsLocationGetLongitude	0	static
