../application/source/functions/sms.c:139:17:smsStorageChecksum	12	static
../application/source/functions/sms.c:391:13:smsResetRxAssembly	0	static
../application/source/functions/sms.c:230:13:smsStorageLoad	1800	static
../application/source/functions/sms.c:396:17:smsCrc16Ccitt.constprop	12	static
../application/source/functions/sms.c:110:6:smsInit	8	static
../application/source/functions/sms.c:490:17:smsPackMessage	40	static
../application/source/functions/sms.c:547:17:smsQueueMessage	8	static
../application/source/functions/sms.c:554:6:smsHasQueuedMessage	0	static
../application/source/functions/sms.c:559:29:smsGetQueuedMessage	0	static
../application/source/functions/sms.c:564:6:smsClearQueuedMessage	0	static
../application/source/functions/sms.c:570:6:smsRegisterOutgoingMessage	16	static
../application/source/functions/sms.c:587:6:smsNotifyOutgoingAckReceived	0	static
../application/source/functions/sms.c:598:6:smsNotifyOutgoingRejected	0	static
../application/source/functions/sms.c:635:14:smsConsumeTxEvent	0	static
../application/source/functions/sms.c:642:6:smsTick	8	static
../application/source/functions/sms.c:674:6:smsHandleReceivedDataFrame	96	static
../application/source/functions/sms.c:734:9:smsGetInboxCount	0	static
../application/source/functions/sms.c:739:6:smsGetInboxMessage	8	static
../application/source/functions/sms.c:753:6:smsDeleteInboxMessage	40	static
../application/source/functions/sms.c:783:6:smsClearInbox	8	static
../application/source/functions/sms.c:792:9:smsGetSentCount	0	static
../application/source/functions/sms.c:797:6:smsGetSentMessage	8	static
../application/source/functions/sms.c:222:13:smsStoragePersist	1280	static
../application/source/functions/sms.c:811:6:smsStoreSentMessage	16	static
../application/source/functions/sms.c:822:6:smsDeleteSentMessage	40	static
../application/source/functions/sms.c:852:6:smsClearSent	8	static
../application/source/functions/sms.c:860:17:smsQueueSentMessage	80	static
../application/source/functions/sms.c:872:6:smsHasRxNotification	0	static
../application/source/functions/sms.c:877:6:smsConsumeRxNotification	0	static
../application/source/functions/sms.c:884:6:smsInboxStorageTick	16	static
