../application/source/functions/sms.c:163:17:smsStorageChecksum	12	static
../application/source/functions/sms.c:574:17:smsCrc32Compute	12	static
../application/source/functions/sms.c:614:17:smsUdpChecksum	16	static
../application/source/functions/sms.c:447:13:smsResetRxAssembly	0	static
../application/source/functions/sms.c:283:13:smsStorageLoad	2624	static
../application/source/functions/sms.c:593:17:smsIpHeaderChecksum.constprop	12	static
../application/source/functions/sms.c:834:17:smsCrc16Ccitt.constprop	12	static
../application/source/functions/sms.c:406:13:smsDecodeUtf16Payload	20	static
../application/source/functions/sms.c:133:6:smsInit	8	static
../application/source/functions/sms.c:928:17:smsPackMessage	352	static
../application/source/functions/sms.c:986:17:smsQueueMessage	8	static
../application/source/functions/sms.c:993:6:smsHasQueuedMessage	0	static
../application/source/functions/sms.c:998:29:smsGetQueuedMessage	0	static
../application/source/functions/sms.c:1003:6:smsClearQueuedMessage	0	static
../application/source/functions/sms.c:1009:6:smsRegisterOutgoingMessage	16	static
../application/source/functions/sms.c:1026:6:smsNotifyOutgoingAckReceived	0	static
../application/source/functions/sms.c:1037:6:smsNotifyOutgoingRejected	0	static
../application/source/functions/sms.c:1074:14:smsConsumeTxEvent	0	static
../application/source/functions/sms.c:1081:6:smsTick	56	static
../application/source/functions/sms.c:1128:6:smsHandleReceivedDataFrame	296	static
../application/source/functions/sms.c:1203:9:smsGetInboxCount	0	static
../application/source/functions/sms.c:1208:6:smsGetInboxMessage	8	static
../application/source/functions/sms.c:1222:6:smsDeleteInboxMessage	40	static
../application/source/functions/sms.c:1252:6:smsClearInbox	8	static
../application/source/functions/sms.c:1261:9:smsGetSentCount	0	static
../application/source/functions/sms.c:1266:6:smsGetSentMessage	8	static
../application/source/functions/sms.c:208:13:smsStorageBuildSnapshot.part.0	2040	static
../application/source/functions/sms.c:275:13:smsStoragePersist	2008	static
../application/source/functions/sms.c:1280:6:smsStoreSentMessage	16	static
../application/source/functions/sms.c:1291:6:smsDeleteSentMessage	40	static
../application/source/functions/sms.c:1321:6:smsClearSent	8	static
../application/source/functions/sms.c:1329:9:smsGetQuickTextCount	0	static
../application/source/functions/sms.c:1334:6:smsGetQuickTextMessage	2032	static
../application/source/functions/sms.c:1359:6:smsStoreQuickTextMessage	2024	static
../application/source/functions/sms.c:1384:6:smsUpdateQuickTextMessage	2024	static
../application/source/functions/sms.c:1407:6:smsDeleteQuickTextMessage	2032	static
../application/source/functions/sms.c:1434:17:smsQueueSentMessage	80	static
../application/source/functions/sms.c:1446:6:smsHasRxNotification	0	static
../application/source/functions/sms.c:1451:6:smsConsumeRxNotification	0	static
../application/source/functions/sms.c:1458:6:smsInboxStorageTick	16	static
