../application/source/user_interface/menuSystem.c:174:13:menuSystemCheckForFirstEntryAudible	8	static
../application/source/user_interface/menuSystem.c:251:5:menuSystemGetLastItemIndex	0	static
../application/source/user_interface/menuSystem.c:261:6:menuSystemRegisterExitCallback	0	static
../application/source/user_interface/menuSystem.c:285:6:menuSystemCallExitCallback	16	static
../application/source/user_interface/menuSystem.c:364:5:menuSystemGetCurrentMenuNumber	0	static
../application/source/user_interface/menuSystem.c:369:5:menuSystemGetPreviousMenuNumber	0	static
../application/source/user_interface/menuSystem.c:379:5:menuSystemGetPreviouslyPushedMenuNumber	0	static
../application/source/user_interface/menuSystem.c:395:5:menuSystemGetRootMenuNumber	0	static
../application/source/user_interface/menuSystem.c:582:6:displayLightTrigger	8	static
../application/source/user_interface/menuSystem.c:201:13:menuSystemPushMenuFirstRun	40	static
../application/source/user_interface/menuSystem.c:267:6:menuSystemPushNewMenu	16	static
../application/source/user_interface/menuSystem.c:295:6:menuSystemPopPreviousMenu	8	static
../application/source/user_interface/menuSystem.c:317:6:menuSystemPopAllAndDisplayRootMenu	8	static
../application/source/user_interface/menuSystem.c:335:6:menuSystemPopAllAndDisplaySpecificRootMenu	16	static
../application/source/user_interface/menuSystem.c:357:6:menuSystemSetCurrentMenu	8	static
../application/source/user_interface/menuSystem.c:556:6:menuSystemCallCurrentMenuTick	16	static
../application/source/user_interface/menuSystem.c:596:6:displayLightOverrideTimeout	16	static
../application/source/user_interface/menuSystem.c:612:6:menuSystemInit	32	static
../application/source/user_interface/menuSystem.c:639:6:menuSystemLanguageHasChanged	0	static
../application/source/user_interface/menuSystem.c:705:6:menuDisplayTitle	32	static
../application/source/user_interface/menuSystem.c:728:6:menuDisplayEntry	80	static
../application/source/user_interface/menuSystem.c:772:5:menuGetMenuOffset	8	static
../application/source/user_interface/menuSystem.c:820:5:menuGetKeypadKeyValue	88	static
../application/source/user_interface/menuSystem.c:870:6:menuUpdateCursor	24	static
../application/source/user_interface/menuSystem.c:907:6:moveCursorLeftInString	24	static
../application/source/user_interface/menuSystem.c:937:6:moveCursorRightInString	24	static
../application/source/user_interface/menuSystem.c:963:6:menuSystemMenuIncrement	0	static
../application/source/user_interface/menuSystem.c:968:6:menuSystemMenuDecrement	0	static
../application/source/user_interface/menuSystem.c:974:6:menuDisplaySettingOption	32	static
