../application/source/user_interface/uiChannelMode.c:2441:13:updateTrxID	8	static
../application/source/user_interface/uiChannelMode.c:2701:13:quicksortChannelByDistance	40	static
../application/source/user_interface/uiChannelMode.c:124:13:checkChannelLocation	24	static
../application/source/user_interface/uiChannelMode.c:2745:13:initSortedChannels	736	static
../application/source/user_interface/uiChannelMode.c:1882:13:updateQuickMenuScreen	96	static
../application/source/user_interface/uiChannelMode.c:1844:13:validateOverwriteChannel	56	static
../application/source/user_interface/uiChannelMode.c:2375:13:scanStart	24	static
../application/source/user_interface/uiChannelMode.c:528:6:uiChannelModeLoadChannelData	72	static
../application/source/user_interface/uiChannelMode.c:706:6:uiChannelModeUpdateScreen	112	static
../application/source/user_interface/uiChannelMode.c:353:13:hidesChannelDetails	8	static
../application/source/user_interface/uiChannelMode.c:1620:13:handleUpKey.isra	24	static
../application/source/user_interface/uiChannelMode.c:1706:13:handleDownKey.isra	24	static
../application/source/user_interface/uiChannelMode.c:2663:6:uiChannelModeStopScanning	0	static
../application/source/user_interface/uiChannelMode.c:2625:13:scanStop	24	static
../application/source/user_interface/uiChannelMode.c:1797:14:uiChannelModeQuickMenu	48	static
../application/source/user_interface/uiChannelMode.c:2677:6:uiChannelModeIsScanning	0	static
../application/source/user_interface/uiChannelMode.c:2682:6:uiChannelModeColdStart	0	static
../application/source/user_interface/uiChannelMode.c:2688:6:uiChannelInitializeCurrentZone	16	static
../application/source/user_interface/uiChannelMode.c:152:14:uiChannelMode	40	static
