../application/source/user_interface/uiVFOMode.c:3734:13:clearNuisance	8	static
../application/source/user_interface/uiVFOMode.c:3232:13:setCurrentFreqToScanLimits	16	static
../application/source/user_interface/uiVFOMode.c:2074:13:vfoSweepDrawSample	32	static
../application/source/user_interface/uiVFOMode.c:2105:13:vfoSweepUpdateSamples	224	static
../application/source/user_interface/uiVFOMode.c:847:13:checkAndFixIndexInRxGroup	0	static
../application/source/user_interface/uiVFOMode.c:875:13:toggleAnalogBandwidth	8	static
../application/source/user_interface/uiVFOMode.c:2273:13:stepFrequency	24	static
../application/source/user_interface/uiVFOMode.c:2181:13:setSweepIncDecSetting	16	static
../application/source/user_interface/uiVFOMode.c:3202:13:updateTrxID	16	static
../application/source/user_interface/uiVFOMode.c:2483:13:updateQuickMenuScreen	120	static
../application/source/user_interface/uiVFOMode.c:3374:13:scanInit	24	static
../application/source/user_interface/uiVFOMode.c:2384:13:validateNewChannel	136	static
../application/source/user_interface/uiVFOMode.c:712:13:updateFrequency.constprop	24	static
../application/source/user_interface/uiVFOMode.c:663:6:uiVFOModeIsTXFocused	0	static
../application/source/user_interface/uiVFOMode.c:856:6:uiVFOLoadContact	0	static
../application/source/user_interface/uiVFOMode.c:753:6:uiVFOModeLoadChannelData	32	static
../application/source/user_interface/uiVFOMode.c:3135:6:uiVFOModeIsScanning	0	static
../application/source/user_interface/uiVFOMode.c:3140:6:uiVFOModeDualWatchIsScanning	8	static
../application/source/user_interface/uiVFOMode.c:3146:6:uiVFOModeSweepScanning	8	static
../application/source/user_interface/uiVFOMode.c:405:6:uiVFOModeUpdateScreen	88	static
../application/source/user_interface/uiVFOMode.c:1998:13:handleUpKey	24	static
../application/source/user_interface/uiVFOMode.c:668:6:uiVFOModeStopScanning	16	static
../application/source/user_interface/uiVFOMode.c:2338:14:uiVFOModeQuickMenu	56	static
../application/source/user_interface/uiVFOMode.c:119:14:uiVFOMode	72	static
../application/source/user_interface/uiVFOMode.c:3154:6:uiVFOModeFrequencyScanningIsActiveAndEnabled	16	static
../application/source/user_interface/uiVFOMode.c:3246:6:uiVFOSweepScanModePause	24	static
