../application/source/functions/sms.c:208:17:smsStorageChecksum	12	static
../application/source/functions/sms.c:393:13:smsIsPrintableCharacter	0	static
../application/source/functions/sms.c:846:13:smsDecodeUtf8Payload	36	static
../application/source/functions/sms.c:1326:17:smsCrc32Compute	12	static
../application/source/functions/sms.c:1366:17:smsUdpChecksum	16	static
../application/source/functions/sms.c:1196:13:smsResetRxAssembly	8	static
../application/source/functions/sms.c:328:13:smsStorageLoad	2624	static
../application/source/functions/sms.c:1345:17:smsIpHeaderChecksum.constprop	12	static
../application/source/functions/sms.c:1707:17:smsCrc16Ccitt.constprop	12	static
../application/source/functions/sms.c:693:17:smsCountCharOccurrence.part.0.constprop	0	static
../application/source/functions/sms.c:1130:13:smsDecodeUtf8PayloadByScan	128	static
../application/source/functions/sms.c:645:13:smsDecodeAsciiPayload.constprop	32	static
../application/source/functions/sms.c:536:13:smsDecodeUtf16Payload	56	static
../application/source/functions/sms.c:1058:13:smsDecodeUtf16PayloadByScan	128	static
../application/source/functions/sms.c:713:13:smsIsBetterDecodedCandidate.constprop	24	static
../application/source/functions/sms.c:175:6:smsInit	8	static
../application/source/functions/sms.c:1811:17:smsPackMessage	368	static
../application/source/functions/sms.c:1869:17:smsQueueMessage	8	static
../application/source/functions/sms.c:1876:6:smsHasQueuedMessage	0	static
../application/source/functions/sms.c:1881:29:smsGetQueuedMessage	0	static
../application/source/functions/sms.c:1886:6:smsClearQueuedMessage	0	static
../application/source/functions/sms.c:1892:6:smsRegisterOutgoingMessage	16	static
../application/source/functions/sms.c:1908:6:smsNotifyOutgoingAckReceived	0	static
../application/source/functions/sms.c:1919:6:smsNotifyOutgoingRejected	0	static
../application/source/functions/sms.c:1930:6:smsNotifyOutgoingNoRepeater	0	static
../application/source/functions/sms.c:1941:6:smsNotifyOutgoingSent	0	static
../application/source/functions/sms.c:1952:6:smsRetryLastOutgoingMessage	16	static
../application/source/functions/sms.c:1979:14:smsConsumeTxEvent	0	static
../application/source/functions/sms.c:2258:6:smsTick	304	static
../application/source/functions/sms.c:2301:6:smsHandleReceivedDataFrame	32	static
../application/source/functions/sms.c:2439:9:smsGetInboxCount	0	static
../application/source/functions/sms.c:2444:6:smsGetInboxMessage	8	static
../application/source/functions/sms.c:2458:6:smsDeleteInboxMessage	40	static
../application/source/functions/sms.c:2488:6:smsClearInbox	8	static
../application/source/functions/sms.c:2497:9:smsGetSentCount	0	static
../application/source/functions/sms.c:2502:6:smsGetSentMessage	8	static
../application/source/functions/sms.c:253:13:smsStorageBuildSnapshot.part.0	2040	static
../application/source/functions/sms.c:320:13:smsStoragePersist	2008	static
../application/source/functions/sms.c:2516:6:smsStoreSentMessage	16	static
../application/source/functions/sms.c:2527:6:smsDeleteSentMessage	40	static
../application/source/functions/sms.c:2557:6:smsClearSent	8	static
../application/source/functions/sms.c:2565:9:smsGetQuickTextCount	0	static
../application/source/functions/sms.c:2570:6:smsGetQuickTextMessage	2032	static
../application/source/functions/sms.c:2595:6:smsStoreQuickTextMessage	2024	static
../application/source/functions/sms.c:2620:6:smsUpdateQuickTextMessage	2024	static
../application/source/functions/sms.c:2643:6:smsDeleteQuickTextMessage	2032	static
../application/source/functions/sms.c:2670:17:smsQueueSentMessage	80	static
../application/source/functions/sms.c:2682:6:smsHasRxNotification	0	static
../application/source/functions/sms.c:2687:6:smsConsumeRxNotification	0	static
../application/source/functions/sms.c:2694:6:smsInboxStorageTick	16	static
