../application/source/functions/sms.c:151:17:smsStorageChecksum	12	static
../application/source/functions/sms.c:403:13:smsResetRxAssembly	0	static
../application/source/functions/sms.c:242:13:smsStorageLoad	1800	static
../application/source/functions/sms.c:495:17:smsCrc16Ccitt.constprop	12	static
../application/source/functions/sms.c:122:6:smsInit	8	static
../application/source/functions/sms.c:589:17:smsPackMessage	40	static
../application/source/functions/sms.c:646:17:smsQueueMessage	8	static
../application/source/functions/sms.c:653:6:smsHasQueuedMessage	0	static
../application/source/functions/sms.c:658:29:smsGetQueuedMessage	0	static
../application/source/functions/sms.c:663:6:smsClearQueuedMessage	0	static
../application/source/functions/sms.c:669:6:smsRegisterOutgoingMessage	16	static
../application/source/functions/sms.c:686:6:smsNotifyOutgoingAckReceived	0	static
../application/source/functions/sms.c:697:6:smsNotifyOutgoingRejected	0	static
../application/source/functions/sms.c:734:14:smsConsumeTxEvent	0	static
../application/source/functions/sms.c:741:6:smsTick	48	static
../application/source/functions/sms.c:788:6:smsHandleReceivedDataFrame	96	static
../application/source/functions/sms.c:862:9:smsGetInboxCount	0	static
../application/source/functions/sms.c:867:6:smsGetInboxMessage	8	static
../application/source/functions/sms.c:881:6:smsDeleteInboxMessage	40	static
../application/source/functions/sms.c:911:6:smsClearInbox	8	static
../application/source/functions/sms.c:920:9:smsGetSentCount	0	static
../application/source/functions/sms.c:925:6:smsGetSentMessage	8	static
../application/source/functions/sms.c:234:13:smsStoragePersist	1280	static
../application/source/functions/sms.c:939:6:smsStoreSentMessage	16	static
../application/source/functions/sms.c:950:6:smsDeleteSentMessage	40	static
../application/source/functions/sms.c:980:6:smsClearSent	8	static
../application/source/functions/sms.c:988:17:smsQueueSentMessage	80	static
../application/source/functions/sms.c:1000:6:smsHasRxNotification	0	static
../application/source/functions/sms.c:1005:6:smsConsumeRxNotification	0	static
../application/source/functions/sms.c:1012:6:smsInboxStorageTick	16	static
