../application/source/functions/sms.c:237:17:smsStorageChecksum	12	static
../application/source/functions/sms.c:528:13:smsIsPrintableCharacter	0	static
../application/source/functions/sms.c:1041:13:smsDecodeUtf8Payload	36	static
../application/source/functions/sms.c:1520:17:smsCrc32Compute	12	static
../application/source/functions/sms.c:1560:17:smsUdpChecksum	16	static
../application/source/functions/sms.c:1391:13:smsResetRxAssembly	0	static
../application/source/functions/sms.c:381:13:smsStorageLoad	4040	static
../application/source/functions/sms.c:1539:17:smsIpHeaderChecksum.constprop	12	static
../application/source/functions/sms.c:1901:17:smsCrc16Ccitt.constprop	12	static
../application/source/functions/sms.c:838:17:smsCountCharOccurrence.part.0.constprop	0	static
../application/source/functions/sms.c:671:13:smsDecodeUtf16Payload	48	static
../application/source/functions/sms.c:1697:13:smsDecodeMotorolaPayload.constprop	320	static
../application/source/functions/sms.c:1809:13:smsDecodeStandardPayload.constprop.isra	320	static
../application/source/functions/sms.c:898:13:smsTryAdoptDecodedCandidate.constprop.isra	24	static
../application/source/functions/sms.c:910:13:smsTryDecodeWindowDirect.constprop.isra	24	static
../application/source/functions/sms.c:205:6:smsInit	8	static
../application/source/functions/sms.c:2005:17:smsPackMessage	544	static
../application/source/functions/sms.c:2063:17:smsQueueMessage	8	static
../application/source/functions/sms.c:2070:6:smsHasQueuedMessage	0	static
../application/source/functions/sms.c:2075:29:smsGetQueuedMessage	0	static
../application/source/functions/sms.c:2080:6:smsClearQueuedMessage	0	static
../application/source/functions/sms.c:2086:6:smsRegisterOutgoingMessage	16	static
../application/source/functions/sms.c:2102:6:smsNotifyOutgoingAckReceived	0	static
../application/source/functions/sms.c:2113:6:smsNotifyOutgoingRejected	0	static
../application/source/functions/sms.c:2124:6:smsNotifyOutgoingNoRepeater	0	static
../application/source/functions/sms.c:2135:6:smsNotifyOutgoingSent	0	static
../application/source/functions/sms.c:2146:6:smsRetryLastOutgoingMessage	16	static
../application/source/functions/sms.c:2173:14:smsConsumeTxEvent	0	static
../application/source/functions/sms.c:2379:6:smsTick	168	static
../application/source/functions/sms.c:2422:6:smsHandleReceivedDataFrame	24	static
../application/source/functions/sms.c:2537:9:smsGetInboxCount	0	static
../application/source/functions/sms.c:2542:6:smsGetInboxMessage	8	static
../application/source/functions/sms.c:2556:6:smsDeleteInboxMessage	40	static
../application/source/functions/sms.c:2586:6:smsClearInbox	8	static
../application/source/functions/sms.c:2595:9:smsGetSentCount	0	static
../application/source/functions/sms.c:2600:6:smsGetSentMessage	8	static
../application/source/functions/sms.c:302:13:smsStorageBuildSnapshot.part.0	160	static
../application/source/functions/sms.c:373:13:smsStoragePersist	3168	static
../application/source/functions/sms.c:2614:6:smsStoreSentMessage	16	static
../application/source/functions/sms.c:2625:6:smsDeleteSentMessage	40	static
../application/source/functions/sms.c:2655:6:smsClearSent	8	static
../application/source/functions/sms.c:2663:9:smsGetQuickTextCount	0	static
../application/source/functions/sms.c:2668:6:smsGetQuickTextMessage	3192	static
../application/source/functions/sms.c:2693:6:smsStoreQuickTextMessage	3184	static
../application/source/functions/sms.c:2718:6:smsUpdateQuickTextMessage	3184	static
../application/source/functions/sms.c:2741:6:smsDeleteQuickTextMessage	3192	static
../application/source/functions/sms.c:2768:17:smsQueueSentMessage	128	static
../application/source/functions/sms.c:2780:6:smsHasRxNotification	0	static
../application/source/functions/sms.c:2785:6:smsConsumeRxNotification	0	static
../application/source/functions/sms.c:2792:6:smsInboxStorageTick	16	static
