../application/source/user_interface/menuSMS.c:291:13:smsMenuRender	48	static
../application/source/user_interface/menuSMS.c:762:13:smsComposeInsertChar	32	static
../application/source/user_interface/menuSMS.c:491:13:smsRxPopupRender	72	static
../application/source/user_interface/menuSMS.c:1556:13:smsOptionsRender	64	static
../application/source/user_interface/menuSMS.c:674:13:smsDrawTextCursor	32	static
../application/source/user_interface/menuSMS.c:368:13:smsQuickTextEditRender	72	static
../application/source/user_interface/menuSMS.c:567:13:smsInboxRender	136	static
../application/source/user_interface/menuSMS.c:621:13:smsSentRender	136	static
../application/source/user_interface/menuSMS.c:519:13:smsViewRender	112	static
../application/source/user_interface/menuSMS.c:316:13:smsQuickTextRender	144	static
../application/source/user_interface/menuSMS.c:222:13:smsGetDestinationText.constprop	8	static
../application/source/user_interface/menuSMS.c:694:13:smsComposeRender	88	static
../application/source/user_interface/menuSMS.c:111:13:smsGetSourceDisplayText.part.0.constprop	48	static
../application/source/user_interface/menuSMS.c:828:14:menuSMSMenu	8	static
../application/source/user_interface/menuSMS.c:884:14:menuSMSCompose	56	static
../application/source/user_interface/menuSMS.c:985:14:menuSMSInbox	48	static
../application/source/user_interface/menuSMS.c:1066:14:menuSMSSent	96	static
../application/source/user_interface/menuSMS.c:1147:14:menuSMSQuickText	112	static
../application/source/user_interface/menuSMS.c:1250:14:menuSMSQuickTextEdit	40	static
../application/source/user_interface/menuSMS.c:1396:14:menuSMSRxPopup	16	static
../application/source/user_interface/menuSMS.c:1492:14:menuSMSView	96	static
../application/source/user_interface/menuSMS.c:1594:14:menuSMSOptions	8	static
