../application/source/functions/sms.c:318:17:smsStorageChecksum	12	static
../application/source/functions/sms.c:503:13:smsIsPrintableCharacter	0	static
../application/source/functions/sms.c:725:13:smsDecodeAsciiPayload	32	static
../application/source/functions/sms.c:1224:17:smsCrc32Compute	12	static
../application/source/functions/sms.c:1243:17:smsIpHeaderChecksum	12	static
../application/source/functions/sms.c:1264:17:smsUdpChecksum	20	static
../application/source/functions/sms.c:1082:13:smsResetRxAssembly	8	static
../application/source/functions/sms.c:438:13:smsStorageLoad	2672	static
../application/source/functions/sms.c:1643:17:smsCrc16Ccitt.constprop	12	static
../application/source/functions/sms.c:931:13:smsTryInferConfirmedBlockLayout.constprop	12	static
../application/source/functions/sms.c:660:13:smsDecodeUtf16Payload	40	static
../application/source/functions/sms.c:790:13:smsDecodeUtf16PayloadSliding	192	static
../application/source/functions/sms.c:835:13:smsDecodeAsciiPayloadSliding	192	static
../application/source/functions/sms.c:221:6:smsInit	8	static
../application/source/functions/sms.c:274:6:smsDebugLogRawIncomingFrame	0	static
../application/source/functions/sms.c:1747:17:smsPackMessage	368	static
../application/source/functions/sms.c:1805:17:smsQueueMessage	8	static
../application/source/functions/sms.c:1812:6:smsHasQueuedMessage	0	static
../application/source/functions/sms.c:1817:29:smsGetQueuedMessage	0	static
../application/source/functions/sms.c:1822:6:smsClearQueuedMessage	0	static
../application/source/functions/sms.c:1828:6:smsRegisterOutgoingMessage	16	static
../application/source/functions/sms.c:1844:6:smsNotifyOutgoingAckReceived	0	static
../application/source/functions/sms.c:1855:6:smsNotifyOutgoingRejected	0	static
../application/source/functions/sms.c:1866:6:smsNotifyOutgoingNoRepeater	0	static
../application/source/functions/sms.c:1877:6:smsNotifyOutgoingSent	0	static
../application/source/functions/sms.c:1888:6:smsRetryLastOutgoingMessage	16	static
../application/source/functions/sms.c:1915:14:smsConsumeTxEvent	0	static
../application/source/functions/sms.c:1922:6:smsTick	8	static
../application/source/functions/sms.c:1990:6:smsHandleReceivedDataFrame	424	static
../application/source/functions/sms.c:2390:9:smsGetInboxCount	0	static
../application/source/functions/sms.c:2395:6:smsGetInboxMessage	8	static
../application/source/functions/sms.c:2409:6:smsDeleteInboxMessage	40	static
../application/source/functions/sms.c:2439:6:smsClearInbox	8	static
../application/source/functions/sms.c:2448:9:smsGetSentCount	0	static
../application/source/functions/sms.c:2453:6:smsGetSentMessage	8	static
../application/source/functions/sms.c:363:13:smsStorageBuildSnapshot.part.0	1992	static
../application/source/functions/sms.c:430:13:smsStoragePersist	1960	static
../application/source/functions/sms.c:2467:6:smsStoreSentMessage	16	static
../application/source/functions/sms.c:2478:6:smsDeleteSentMessage	48	static
../application/source/functions/sms.c:2508:6:smsClearSent	8	static
../application/source/functions/sms.c:2516:9:smsGetQuickTextCount	0	static
../application/source/functions/sms.c:2521:6:smsGetQuickTextMessage	1984	static
../application/source/functions/sms.c:2546:6:smsStoreQuickTextMessage	1976	static
../application/source/functions/sms.c:2571:6:smsUpdateQuickTextMessage	1976	static
../application/source/functions/sms.c:2594:6:smsDeleteQuickTextMessage	1984	static
../application/source/functions/sms.c:2621:17:smsQueueSentMessage	80	static
../application/source/functions/sms.c:2633:6:smsHasRxNotification	0	static
../application/source/functions/sms.c:2638:6:smsConsumeRxNotification	0	static
../application/source/functions/sms.c:2645:6:smsInboxStorageTick	16	static
