../application/source/user_interface/menuSMS.c:303:13:smsMenuRender	48	static
../application/source/user_interface/menuSMS.c:972:13:smsComposeInsertChar	32	static
../application/source/user_interface/menuSMS.c:912:13:smsComposeRenderDestinationSelect	40	static
../application/source/user_interface/menuSMS.c:531:13:smsRxRespondRender	40	static
../application/source/user_interface/menuSMS.c:948:13:smsComposeRenderManualIdEntry	32	static
../application/source/user_interface/menuSMS.c:503:13:smsRxPopupRender	72	static
../application/source/user_interface/menuSMS.c:2098:13:smsOptionsRender	64	static
../application/source/user_interface/menuSMS.c:755:13:smsDrawTextCursor	32	static
../application/source/user_interface/menuSMS.c:775:13:smsComposeRender	96	static
../application/source/user_interface/menuSMS.c:380:13:smsQuickTextEditRender	72	static
../application/source/user_interface/menuSMS.c:648:13:smsInboxRender	136	static
../application/source/user_interface/menuSMS.c:702:13:smsSentRender	136	static
../application/source/user_interface/menuSMS.c:567:13:smsViewRender	112	static
../application/source/user_interface/menuSMS.c:328:13:smsQuickTextRender	144	static
../application/source/user_interface/menuSMS.c:150:13:smsGetSourceDisplayText.part.0.constprop	48	static
../application/source/user_interface/menuSMS.c:853:13:smsComposeRenderContactSelect	112	static
../application/source/user_interface/menuSMS.c:997:13:smsSendBuffer	32	static
../application/source/user_interface/menuSMS.c:1033:14:menuSMSMenu	8	static
../application/source/user_interface/menuSMS.c:1089:14:menuSMSCompose	64	static
../application/source/user_interface/menuSMS.c:1421:14:menuSMSInbox	48	static
../application/source/user_interface/menuSMS.c:1502:14:menuSMSSent	96	static
../application/source/user_interface/menuSMS.c:1583:14:menuSMSQuickText	112	static
../application/source/user_interface/menuSMS.c:1686:14:menuSMSQuickTextEdit	40	static
../application/source/user_interface/menuSMS.c:1832:14:menuSMSRxPopup	16	static
../application/source/user_interface/menuSMS.c:1982:14:menuSMSView	96	static
../application/source/user_interface/menuSMS.c:2136:14:menuSMSOptions	8	static
