../Core/Src/stm32f4xx_it.c:102:13:faultLogEnableBackupWrite	0	static
../Core/Src/stm32f4xx_it.c:128:13:faultLogClearRaw	8	static
../Core/Src/stm32f4xx_it.c:216:13:faultLogCaptureAndReset	8	static,ignoring_inline_asm
../Core/Src/stm32f4xx_it.c:171:6:faultLogReadAndClear	16	static
../Core/Src/stm32f4xx_it.c:229:35:hardFaultHandlerC	8	static
../Core/Src/stm32f4xx_it.c:234:35:memManageHandlerC	8	static
../Core/Src/stm32f4xx_it.c:239:35:busFaultHandlerC	8	static
../Core/Src/stm32f4xx_it.c:244:35:usageFaultHandlerC	8	static
../Core/Src/stm32f4xx_it.c:274:6:NMI_Handler	0	static
../Core/Src/stm32f4xx_it.c:287:29:HardFault_Handler	0	static,ignoring_inline_asm
../Core/Src/stm32f4xx_it.c:303:29:MemManage_Handler	0	static,ignoring_inline_asm
../Core/Src/stm32f4xx_it.c:319:29:BusFault_Handler	0	static,ignoring_inline_asm
../Core/Src/stm32f4xx_it.c:335:29:UsageFault_Handler	0	static,ignoring_inline_asm
../Core/Src/stm32f4xx_it.c:351:6:DebugMon_Handler	0	static
../Core/Src/stm32f4xx_it.c:371:6:EXTI0_IRQHandler	0	static
../Core/Src/stm32f4xx_it.c:385:6:EXTI1_IRQHandler	0	static
../Core/Src/stm32f4xx_it.c:399:6:EXTI2_IRQHandler	0	static
../Core/Src/stm32f4xx_it.c:413:6:DMA1_Stream0_IRQHandler	0	static
../Core/Src/stm32f4xx_it.c:427:6:DMA1_Stream5_IRQHandler	0	static
../Core/Src/stm32f4xx_it.c:441:6:USART1_IRQHandler	0	static
../Core/Src/stm32f4xx_it.c:455:6:EXTI15_10_IRQHandler	0	static
../Core/Src/stm32f4xx_it.c:469:6:TIM8_TRG_COM_TIM14_IRQHandler	0	static
../Core/Src/stm32f4xx_it.c:483:6:TIM6_DAC_IRQHandler	8	static
../Core/Src/stm32f4xx_it.c:498:6:DMA2_Stream1_IRQHandler	0	static
../Core/Src/stm32f4xx_it.c:512:6:DMA2_Stream2_IRQHandler	0	static
../Core/Src/stm32f4xx_it.c:526:6:DMA2_Stream4_IRQHandler	0	static
../Core/Src/stm32f4xx_it.c:540:6:OTG_FS_IRQHandler	0	static
../Core/Src/stm32f4xx_it.c:554:6:HAL_GPIO_EXTI_Callback	8	static
../Core/Src/stm32f4xx_it.c:584:6:HAL_IncTick	0	static
