../application/source/hardware/HR-C6000.c:2099:13:hrc6000InitDigitalState	0	static
../application/source/hardware/HR-C6000.c:2302:13:hrc6000SendPcOrTgLCHeader	24	static
../application/source/hardware/HR-C6000.c:364:13:hrc6000WriteSPIRegister0x04Multi	16	static
../application/source/hardware/HR-C6000.c:592:13:hrc6000CheckColourCodeFilter	8	static
../application/source/hardware/HR-C6000.c:1490:13:hrc6000TransitionToTx	8	static
../application/source/hardware/HR-C6000.c:472:20:hrc6000CrcIsValid	8	static
../application/source/hardware/HR-C6000.c:482:12:hrc6000GetTSTimeoutValue	0	static
../application/source/hardware/HR-C6000.c:500:20:hrc6000CheckTimeSlotFilter	16	static
../application/source/hardware/HR-C6000.c:2163:13:hrc6000SendSMSFrame	8	static
../application/source/hardware/HR-C6000.c:2060:20:hrc6000RxInterruptHandler	0	static
../application/source/hardware/HR-C6000.c:1509:6:hrc6000TxBurstCallback	16	static
../application/source/hardware/HR-C6000.c:338:9:getCurrentTATxFlag	16	static
../application/source/hardware/HR-C6000.c:467:6:HRC6000SetMicGainDMR	0	static
../application/source/hardware/HR-C6000.c:531:6:HRC6000CheckTalkGroupFilter	8	static
../application/source/hardware/HR-C6000.c:2073:6:hrc6000TxInterruptHandler	8	static
../application/source/hardware/HR-C6000.c:2086:6:hrc6000SetInIRQHandler	0	static
../application/source/hardware/HR-C6000.c:2181:6:HRC6000InitInterrupts	8	static
../application/source/hardware/HR-C6000.c:2210:6:HRC6000ResetTimeSlotDetection	16	static
../application/source/hardware/HR-C6000.c:2277:6:HRC6000TerminateDigital	8	static
../application/source/hardware/HR-C6000.c:2784:6:HRC6000InitTask	16	static
../application/source/hardware/HR-C6000.c:2800:6:HRC6000ClearIsWakingState	0	static
../application/source/hardware/HR-C6000.c:2805:5:HRC6000GetIsWakingState	0	static
../application/source/hardware/HR-C6000.c:2810:6:HRC6000ClearActiveDMRID	0	static
../application/source/hardware/HR-C6000.c:1306:6:hrc6000SysInterruptHandler	80	static
../application/source/hardware/HR-C6000.c:2818:6:HRC6000ResyncTimeSlot	8	static
../application/source/hardware/HR-C6000.c:2854:10:HRC6000GetReceivedTgOrPcId	0	static
../application/source/hardware/HR-C6000.c:2859:10:HRC6000GetReceivedSrcId	0	static
../application/source/hardware/HR-C6000.c:2864:6:HRC6000ClearTimecodeSynchronisation	0	static
../application/source/hardware/HR-C6000.c:2869:6:HRC6000ClearColorCodeSynchronisation	0	static
../application/source/hardware/HR-C6000.c:2880:6:HRC6000SetTalkerAlias	0	static
../application/source/hardware/HR-C6000.c:2885:6:HRC6000SetTalkerAliasLocation	16	static
../application/source/hardware/HR-C6000.c:2903:6:HRC6000StartQueuedSMS	32	static
../application/source/hardware/HR-C6000.c:2957:6:HRC6000IsSendingSMS	0	static
../application/source/hardware/HR-C6000.c:2962:6:HRC6000IRQHandlerIsRunning	0	static
../application/source/hardware/HR-C6000.c:2967:6:HRC6000HasGotSync	0	static
../application/source/hardware/HR-C6000.c:2972:6:HRC6000SetMicGainFM	0	static
../application/source/hardware/HR-C6000.c:2977:6:HRC6000SetFMTx	16	static
../application/source/hardware/HR-C6000.c:3049:6:HRC6000SetFMRx	8	static
../application/source/hardware/HR-C6000.c:3061:6:HRC6000SetDMR	8	static
../application/source/hardware/HR-C6000.c:2188:6:HRC6000InitDigitalDmrRx	8	static
../application/source/hardware/HR-C6000.c:1518:6:hrc6000TimeslotInterruptHandler	48	static
../application/source/hardware/HR-C6000.c:2243:6:HRC6000InitDigital	8	static
../application/source/hardware/HR-C6000.c:2760:13:hrc6000TaskFunction	8	static
../application/source/hardware/HR-C6000.c:3080:6:HRC6000SetTxCTCSS	8	static
../application/source/hardware/HR-C6000.c:3095:6:HRC6000SetTxDCS	16	static
../application/source/hardware/HR-C6000.c:3119:6:HRC6000SetRxDCS	16	static
../application/source/hardware/HR-C6000.c:3142:6:HRC6000SetRxCTCSS	8	static
../application/source/hardware/HR-C6000.c:3151:6:HRC6000CheckCSS	16	static
../application/source/hardware/HR-C6000.c:3160:6:HRC6000SetLineOut	0	static
../application/source/hardware/HR-C6000.c:3165:6:HRC6000SetMic	0	static
../application/source/hardware/HR-C6000.c:3170:6:HRC6000SetFmAudio	8	static
../application/source/hardware/HR-C6000.c:3184:6:HRC6000MuteFmAudio	0	static
../application/source/hardware/HR-C6000.c:3197:6:HRC6000GetTone1Config	0	static
../application/source/hardware/HR-C6000.c:3202:6:HRC6000SetTone1Config	0	static
../application/source/hardware/HR-C6000.c:3208:6:HRC6000SetDTMF	8	static
../application/source/hardware/HR-C6000.c:3249:6:HRC6000DTMFoff	8	static
../application/source/hardware/HR-C6000.c:3262:6:HRC6000SendTone	16	static
../application/source/hardware/HR-C6000.c:3277:6:HRC6000InitDTMF	8	static
../application/source/hardware/HR-C6000.c:374:6:HRC6000Init	136	static
../application/source/hardware/HR-C6000.c:3298:6:HRC6000SetDmrRxGain	8	static
../application/source/hardware/HR-C6000.c:449:6:HRC6000FlushMusic	136	static
../application/source/hardware/HR-C6000.c:3307:6:HRC6000SetDmrAGCGain	0	static
../application/source/hardware/HR-C6000.c:3313:6:HRC6000CCIsHeld	0	static
